  [1m[35m (109.4ms)[0m  [1m[35mCREATE DATABASE "ai_ssh_development" ENCODING = 'unicode' /*application='AiSsh'*/[0m
  [1m[35mSQL (0.1ms)[0m  [1m[35mSET search_path TO public /*application='AiSsh'*/[0m
  [1m[35m (385.3ms)[0m  [1m[35mCREATE DATABASE "ai_ssh_development" ENCODING = 'unicode' /*application='AiSsh'*/[0m
  [1m[35mSQL (0.3ms)[0m  [1m[35mSET search_path TO public /*application='AiSsh'*/[0m
  [1m[35m (265.3ms)[0m  [1m[35mCREATE DATABASE "ai_ssh_test" ENCODING = 'unicode' /*application='AiSsh'*/[0m
Started GET "/" for ::1 at 2026-01-08 23:40:18 +0300
  
ActiveRecord::ConnectionNotEstablished (connection to server on socket "/tmp/.s.PGSQL.5432" failed: No such file or directory
	Is the server running locally and accepting connections on that socket?
)
Caused by: PG::ConnectionBad (connection to server on socket "/tmp/.s.PGSQL.5432" failed: No such file or directory
	Is the server running locally and accepting connections on that socket?
)

Information for: ActiveRecord::ConnectionNotEstablished (connection to server on socket "/tmp/.s.PGSQL.5432" failed: No such file or directory
	Is the server running locally and accepting connections on that socket?
):
  
activerecord (8.0.4) lib/active_record/connection_adapters/postgresql_adapter.rb:69:in 'ActiveRecord::ConnectionAdapters::PostgreSQLAdapter.new_client'
activerecord (8.0.4) lib/active_record/connection_adapters/postgresql_adapter.rb:939:in 'ActiveRecord::ConnectionAdapters::PostgreSQLAdapter#connect'
activerecord (8.0.4) lib/active_record/connection_adapters/postgresql_adapter.rb:951:in 'ActiveRecord::ConnectionAdapters::PostgreSQLAdapter#reconnect'
activerecord (8.0.4) lib/active_record/connection_adapters/abstract_adapter.rb:669:in 'block in ActiveRecord::ConnectionAdapters::AbstractAdapter#reconnect!'
activesupport (8.0.4) lib/active_support/concurrency/null_lock.rb:9:in 'ActiveSupport::Concurrency::NullLock#synchronize'
activerecord (8.0.4) lib/active_record/connection_adapters/abstract_adapter.rb:668:in 'ActiveRecord::ConnectionAdapters::AbstractAdapter#reconnect!'
activerecord (8.0.4) lib/active_record/connection_adapters/abstract_adapter.rb:773:in 'block in ActiveRecord::ConnectionAdapters::AbstractAdapter#verify!'
activesupport (8.0.4) lib/active_support/concurrency/null_lock.rb:9:in 'ActiveSupport::Concurrency::NullLock#synchronize'
activerecord (8.0.4) lib/active_record/connection_adapters/abstract_adapter.rb:763:in 'ActiveRecord::ConnectionAdapters::AbstractAdapter#verify!'
activerecord (8.0.4) lib/active_record/connection_adapters/abstract_adapter.rb:781:in 'ActiveRecord::ConnectionAdapters::AbstractAdapter#connect!'
activerecord (8.0.4) lib/active_record/connection_adapters/abstract_adapter.rb:987:in 'block in ActiveRecord::ConnectionAdapters::AbstractAdapter#with_raw_connection'
activesupport (8.0.4) lib/active_support/concurrency/null_lock.rb:9:in 'ActiveSupport::Concurrency::NullLock#synchronize'
activerecord (8.0.4) lib/active_record/connection_adapters/abstract_adapter.rb:986:in 'ActiveRecord::ConnectionAdapters::AbstractAdapter#with_raw_connection'
activerecord (8.0.4) lib/active_record/connection_adapters/postgresql/quoting.rb:128:in 'ActiveRecord::ConnectionAdapters::PostgreSQL::Quoting#quote_string'
activerecord (8.0.4) lib/active_record/connection_adapters/abstract/quoting.rb:76:in 'ActiveRecord::ConnectionAdapters::Quoting#quote'
activerecord (8.0.4) lib/active_record/connection_adapters/postgresql/quoting.rb:122:in 'ActiveRecord::ConnectionAdapters::PostgreSQL::Quoting#quote'
activerecord (8.0.4) lib/active_record/connection_adapters/postgresql/schema_statements.rb:1142:in 'ActiveRecord::ConnectionAdapters::PostgreSQL::SchemaStatements#quoted_scope'
activerecord (8.0.4) lib/active_record/connection_adapters/postgresql/schema_statements.rb:1119:in 'ActiveRecord::ConnectionAdapters::PostgreSQL::SchemaStatements#data_source_sql'
activerecord (8.0.4) lib/active_record/connection_adapters/abstract/schema_statements.rb:60:in 'ActiveRecord::ConnectionAdapters::SchemaStatements#table_exists?'
activerecord (8.0.4) lib/active_record/schema_migration.rb:55:in 'block in ActiveRecord::SchemaMigration#create_table'
activerecord (8.0.4) lib/active_record/connection_adapters/abstract/connection_pool.rb:422:in 'ActiveRecord::ConnectionAdapters::ConnectionPool#with_connection'
activerecord (8.0.4) lib/active_record/schema_migration.rb:54:in 'ActiveRecord::SchemaMigration#create_table'
activerecord (8.0.4) lib/active_record/migration.rb:1430:in 'ActiveRecord::Migrator#initialize'
activerecord (8.0.4) lib/active_record/migration.rb:1278:in 'Class#new'
activerecord (8.0.4) lib/active_record/migration.rb:1278:in 'ActiveRecord::MigrationContext#open'
activerecord (8.0.4) lib/active_record/migration.rb:762:in 'block (2 levels) in ActiveRecord::Migration.pending_migrations'
activerecord (8.0.4) lib/active_record/migration/pending_migration_connection.rb:8:in 'ActiveRecord::PendingMigrationConnection.with_temporary_pool'
activerecord (8.0.4) lib/active_record/migration.rb:761:in 'block in ActiveRecord::Migration.pending_migrations'
activerecord (8.0.4) lib/active_record/migration.rb:760:in 'Array#each'
activerecord (8.0.4) lib/active_record/migration.rb:760:in 'ActiveRecord::Migration.pending_migrations'
activerecord (8.0.4) lib/active_record/migration.rb:739:in 'ActiveRecord::Migration.check_pending_migrations'
activerecord (8.0.4) lib/active_record/migration.rb:659:in 'block (2 levels) in ActiveRecord::Migration::CheckPending#call'
activesupport (8.0.4) lib/active_support/file_update_checker.rb:85:in 'ActiveSupport::FileUpdateChecker#execute'
activerecord (8.0.4) lib/active_record/migration.rb:664:in 'block in ActiveRecord::Migration::CheckPending#call'
activerecord (8.0.4) lib/active_record/migration.rb:656:in 'Thread::Mutex#synchronize'
activerecord (8.0.4) lib/active_record/migration.rb:656:in 'ActiveRecord::Migration::CheckPending#call'
actionpack (8.0.4) lib/action_dispatch/middleware/callbacks.rb:31:in 'block in ActionDispatch::Callbacks#call'
activesupport (8.0.4) lib/active_support/callbacks.rb:100:in 'ActiveSupport::Callbacks#run_callbacks'
actionpack (8.0.4) lib/action_dispatch/middleware/callbacks.rb:30:in 'ActionDispatch::Callbacks#call'
actionpack (8.0.4) lib/action_dispatch/middleware/executor.rb:16:in 'ActionDispatch::Executor#call'
actionpack (8.0.4) lib/action_dispatch/middleware/actionable_exceptions.rb:18:in 'ActionDispatch::ActionableExceptions#call'
actionpack (8.0.4) lib/action_dispatch/middleware/debug_exceptions.rb:31:in 'ActionDispatch::DebugExceptions#call'
web-console (4.2.1) lib/web_console/middleware.rb:132:in 'WebConsole::Middleware#call_app'
web-console (4.2.1) lib/web_console/middleware.rb:28:in 'block in WebConsole::Middleware#call'
web-console (4.2.1) lib/web_console/middleware.rb:17:in 'Kernel#catch'
web-console (4.2.1) lib/web_console/middleware.rb:17:in 'WebConsole::Middleware#call'
actionpack (8.0.4) lib/action_dispatch/middleware/show_exceptions.rb:32:in 'ActionDispatch::ShowExceptions#call'
railties (8.0.4) lib/rails/rack/logger.rb:41:in 'Rails::Rack::Logger#call_app'
railties (8.0.4) lib/rails/rack/logger.rb:29:in 'Rails::Rack::Logger#call'
actionpack (8.0.4) lib/action_dispatch/middleware/remote_ip.rb:96:in 'ActionDispatch::RemoteIp#call'
actionpack (8.0.4) lib/action_dispatch/middleware/request_id.rb:34:in 'ActionDispatch::RequestId#call'
rack (3.2.4) lib/rack/method_override.rb:28:in 'Rack::MethodOverride#call'
rack (3.2.4) lib/rack/runtime.rb:24:in 'Rack::Runtime#call'
actionpack (8.0.4) lib/action_dispatch/middleware/server_timing.rb:61:in 'block in ActionDispatch::ServerTiming#call'
actionpack (8.0.4) lib/action_dispatch/middleware/server_timing.rb:26:in 'ActionDispatch::ServerTiming::Subscriber#collect_events'
actionpack (8.0.4) lib/action_dispatch/middleware/server_timing.rb:60:in 'ActionDispatch::ServerTiming#call'
actionpack (8.0.4) lib/action_dispatch/middleware/executor.rb:16:in 'ActionDispatch::Executor#call'
propshaft (1.3.1) lib/propshaft/server.rb:37:in 'Propshaft::Server#call'
actionpack (8.0.4) lib/action_dispatch/middleware/static.rb:27:in 'ActionDispatch::Static#call'
rack (3.2.4) lib/rack/sendfile.rb:131:in 'Rack::Sendfile#call'
actionpack (8.0.4) lib/action_dispatch/middleware/host_authorization.rb:143:in 'ActionDispatch::HostAuthorization#call'
rack-cors (3.0.0) lib/rack/cors.rb:102:in 'Rack::Cors#call'
railties (8.0.4) lib/rails/engine.rb:535:in 'Rails::Engine#call'
puma (7.1.0) lib/puma/configuration.rb:300:in 'Puma::Configuration::ConfigMiddleware#call'
puma (7.1.0) lib/puma/request.rb:101:in 'block in Puma::Request#handle_request'
puma (7.1.0) lib/puma/thread_pool.rb:355:in 'Puma::ThreadPool#with_force_shutdown'
puma (7.1.0) lib/puma/request.rb:100:in 'Puma::Request#handle_request'
puma (7.1.0) lib/puma/server.rb:503:in 'Puma::Server#process_client'
puma (7.1.0) lib/puma/server.rb:262:in 'block in Puma::Server#run'
puma (7.1.0) lib/puma/thread_pool.rb:182:in 'block in Puma::ThreadPool#spawn_thread'

Information for cause: PG::ConnectionBad (connection to server on socket "/tmp/.s.PGSQL.5432" failed: No such file or directory
	Is the server running locally and accepting connections on that socket?
):
  
pg-1.6.3-x86_64 (darwin) lib/pg/connection.rb:944:in 'PG::Connection.connect_start'
pg-1.6.3-x86_64 (darwin) lib/pg/connection.rb:944:in 'PG::Connection.connect_to_hosts'
pg-1.6.3-x86_64 (darwin) lib/pg/connection.rb:871:in 'PG::Connection.new'
pg-1.6.3-x86_64 (darwin) lib/pg.rb:88:in 'PG.connect'
activerecord (8.0.4) lib/active_record/connection_adapters/postgresql_adapter.rb:58:in 'ActiveRecord::ConnectionAdapters::PostgreSQLAdapter.new_client'
activerecord (8.0.4) lib/active_record/connection_adapters/postgresql_adapter.rb:939:in 'ActiveRecord::ConnectionAdapters::PostgreSQLAdapter#connect'
activerecord (8.0.4) lib/active_record/connection_adapters/postgresql_adapter.rb:951:in 'ActiveRecord::ConnectionAdapters::PostgreSQLAdapter#reconnect'
activerecord (8.0.4) lib/active_record/connection_adapters/abstract_adapter.rb:669:in 'block in ActiveRecord::ConnectionAdapters::AbstractAdapter#reconnect!'
activesupport (8.0.4) lib/active_support/concurrency/null_lock.rb:9:in 'ActiveSupport::Concurrency::NullLock#synchronize'
activerecord (8.0.4) lib/active_record/connection_adapters/abstract_adapter.rb:668:in 'ActiveRecord::ConnectionAdapters::AbstractAdapter#reconnect!'
activerecord (8.0.4) lib/active_record/connection_adapters/abstract_adapter.rb:773:in 'block in ActiveRecord::ConnectionAdapters::AbstractAdapter#verify!'
activesupport (8.0.4) lib/active_support/concurrency/null_lock.rb:9:in 'ActiveSupport::Concurrency::NullLock#synchronize'
activerecord (8.0.4) lib/active_record/connection_adapters/abstract_adapter.rb:763:in 'ActiveRecord::ConnectionAdapters::AbstractAdapter#verify!'
activerecord (8.0.4) lib/active_record/connection_adapters/abstract_adapter.rb:781:in 'ActiveRecord::ConnectionAdapters::AbstractAdapter#connect!'
activerecord (8.0.4) lib/active_record/connection_adapters/abstract_adapter.rb:987:in 'block in ActiveRecord::ConnectionAdapters::AbstractAdapter#with_raw_connection'
activesupport (8.0.4) lib/active_support/concurrency/null_lock.rb:9:in 'ActiveSupport::Concurrency::NullLock#synchronize'
activerecord (8.0.4) lib/active_record/connection_adapters/abstract_adapter.rb:986:in 'ActiveRecord::ConnectionAdapters::AbstractAdapter#with_raw_connection'
activerecord (8.0.4) lib/active_record/connection_adapters/postgresql/quoting.rb:128:in 'ActiveRecord::ConnectionAdapters::PostgreSQL::Quoting#quote_string'
activerecord (8.0.4) lib/active_record/connection_adapters/abstract/quoting.rb:76:in 'ActiveRecord::ConnectionAdapters::Quoting#quote'
activerecord (8.0.4) lib/active_record/connection_adapters/postgresql/quoting.rb:122:in 'ActiveRecord::ConnectionAdapters::PostgreSQL::Quoting#quote'
activerecord (8.0.4) lib/active_record/connection_adapters/postgresql/schema_statements.rb:1142:in 'ActiveRecord::ConnectionAdapters::PostgreSQL::SchemaStatements#quoted_scope'
activerecord (8.0.4) lib/active_record/connection_adapters/postgresql/schema_statements.rb:1119:in 'ActiveRecord::ConnectionAdapters::PostgreSQL::SchemaStatements#data_source_sql'
activerecord (8.0.4) lib/active_record/connection_adapters/abstract/schema_statements.rb:60:in 'ActiveRecord::ConnectionAdapters::SchemaStatements#table_exists?'
activerecord (8.0.4) lib/active_record/schema_migration.rb:55:in 'block in ActiveRecord::SchemaMigration#create_table'
activerecord (8.0.4) lib/active_record/connection_adapters/abstract/connection_pool.rb:422:in 'ActiveRecord::ConnectionAdapters::ConnectionPool#with_connection'
activerecord (8.0.4) lib/active_record/schema_migration.rb:54:in 'ActiveRecord::SchemaMigration#create_table'
activerecord (8.0.4) lib/active_record/migration.rb:1430:in 'ActiveRecord::Migrator#initialize'
activerecord (8.0.4) lib/active_record/migration.rb:1278:in 'Class#new'
activerecord (8.0.4) lib/active_record/migration.rb:1278:in 'ActiveRecord::MigrationContext#open'
activerecord (8.0.4) lib/active_record/migration.rb:762:in 'block (2 levels) in ActiveRecord::Migration.pending_migrations'
activerecord (8.0.4) lib/active_record/migration/pending_migration_connection.rb:8:in 'ActiveRecord::PendingMigrationConnection.with_temporary_pool'
activerecord (8.0.4) lib/active_record/migration.rb:761:in 'block in ActiveRecord::Migration.pending_migrations'
activerecord (8.0.4) lib/active_record/migration.rb:760:in 'Array#each'
activerecord (8.0.4) lib/active_record/migration.rb:760:in 'ActiveRecord::Migration.pending_migrations'
activerecord (8.0.4) lib/active_record/migration.rb:739:in 'ActiveRecord::Migration.check_pending_migrations'
activerecord (8.0.4) lib/active_record/migration.rb:659:in 'block (2 levels) in ActiveRecord::Migration::CheckPending#call'
activesupport (8.0.4) lib/active_support/file_update_checker.rb:85:in 'ActiveSupport::FileUpdateChecker#execute'
activerecord (8.0.4) lib/active_record/migration.rb:664:in 'block in ActiveRecord::Migration::CheckPending#call'
activerecord (8.0.4) lib/active_record/migration.rb:656:in 'Thread::Mutex#synchronize'
activerecord (8.0.4) lib/active_record/migration.rb:656:in 'ActiveRecord::Migration::CheckPending#call'
actionpack (8.0.4) lib/action_dispatch/middleware/callbacks.rb:31:in 'block in ActionDispatch::Callbacks#call'
activesupport (8.0.4) lib/active_support/callbacks.rb:100:in 'ActiveSupport::Callbacks#run_callbacks'
actionpack (8.0.4) lib/action_dispatch/middleware/callbacks.rb:30:in 'ActionDispatch::Callbacks#call'
actionpack (8.0.4) lib/action_dispatch/middleware/executor.rb:16:in 'ActionDispatch::Executor#call'
actionpack (8.0.4) lib/action_dispatch/middleware/actionable_exceptions.rb:18:in 'ActionDispatch::ActionableExceptions#call'
actionpack (8.0.4) lib/action_dispatch/middleware/debug_exceptions.rb:31:in 'ActionDispatch::DebugExceptions#call'
web-console (4.2.1) lib/web_console/middleware.rb:132:in 'WebConsole::Middleware#call_app'
web-console (4.2.1) lib/web_console/middleware.rb:28:in 'block in WebConsole::Middleware#call'
web-console (4.2.1) lib/web_console/middleware.rb:17:in 'Kernel#catch'
web-console (4.2.1) lib/web_console/middleware.rb:17:in 'WebConsole::Middleware#call'
actionpack (8.0.4) lib/action_dispatch/middleware/show_exceptions.rb:32:in 'ActionDispatch::ShowExceptions#call'
railties (8.0.4) lib/rails/rack/logger.rb:41:in 'Rails::Rack::Logger#call_app'
railties (8.0.4) lib/rails/rack/logger.rb:29:in 'Rails::Rack::Logger#call'
actionpack (8.0.4) lib/action_dispatch/middleware/remote_ip.rb:96:in 'ActionDispatch::RemoteIp#call'
actionpack (8.0.4) lib/action_dispatch/middleware/request_id.rb:34:in 'ActionDispatch::RequestId#call'
rack (3.2.4) lib/rack/method_override.rb:28:in 'Rack::MethodOverride#call'
rack (3.2.4) lib/rack/runtime.rb:24:in 'Rack::Runtime#call'
actionpack (8.0.4) lib/action_dispatch/middleware/server_timing.rb:61:in 'block in ActionDispatch::ServerTiming#call'
actionpack (8.0.4) lib/action_dispatch/middleware/server_timing.rb:26:in 'ActionDispatch::ServerTiming::Subscriber#collect_events'
actionpack (8.0.4) lib/action_dispatch/middleware/server_timing.rb:60:in 'ActionDispatch::ServerTiming#call'
actionpack (8.0.4) lib/action_dispatch/middleware/executor.rb:16:in 'ActionDispatch::Executor#call'
propshaft (1.3.1) lib/propshaft/server.rb:37:in 'Propshaft::Server#call'
actionpack (8.0.4) lib/action_dispatch/middleware/static.rb:27:in 'ActionDispatch::Static#call'
rack (3.2.4) lib/rack/sendfile.rb:131:in 'Rack::Sendfile#call'
actionpack (8.0.4) lib/action_dispatch/middleware/host_authorization.rb:143:in 'ActionDispatch::HostAuthorization#call'
rack-cors (3.0.0) lib/rack/cors.rb:102:in 'Rack::Cors#call'
railties (8.0.4) lib/rails/engine.rb:535:in 'Rails::Engine#call'
puma (7.1.0) lib/puma/configuration.rb:300:in 'Puma::Configuration::ConfigMiddleware#call'
puma (7.1.0) lib/puma/request.rb:101:in 'block in Puma::Request#handle_request'
puma (7.1.0) lib/puma/thread_pool.rb:355:in 'Puma::ThreadPool#with_force_shutdown'
puma (7.1.0) lib/puma/request.rb:100:in 'Puma::Request#handle_request'
puma (7.1.0) lib/puma/server.rb:503:in 'Puma::Server#process_client'
puma (7.1.0) lib/puma/server.rb:262:in 'block in Puma::Server#run'
puma (7.1.0) lib/puma/thread_pool.rb:182:in 'block in Puma::ThreadPool#spawn_thread'
Started GET "/" for ::1 at 2026-01-08 23:42:03 +0300
  [1m[36mActiveRecord::SchemaMigration Load (2.4ms)[0m  [1m[34mSELECT "schema_migrations"."version" FROM "schema_migrations" ORDER BY "schema_migrations"."version" ASC /*application='AiSsh'*/[0m
Processing by HomeController#index as */*
  Rendering layout layouts/application.html.erb
  Rendering home/index.html.erb within layouts/application
  Rendered home/index.html.erb within layouts/application (Duration: 2.1ms | GC: 0.0ms)
  Rendered layout layouts/application.html.erb (Duration: 145.8ms | GC: 0.0ms)
Completed 200 OK in 279ms (Views: 152.3ms | ActiveRecord: 0.0ms (0 queries, 0 cached) | GC: 0.0ms)


Started POST "/api/v1/auth/login" for ::1 at 2026-01-08 23:42:10 +0300
  
ActionController::RoutingError (No route matches [POST] "/api/v1/auth/login"):
  
Started POST "/api/v1/auth/login" for ::1 at 2026-01-08 23:42:16 +0300
  
ActionController::RoutingError (No route matches [POST] "/api/v1/auth/login"):
  
Started POST "/api/v1/users/sign_in" for ::1 at 2026-01-08 23:42:35 +0300
Processing by Api::V1::Users::SessionsController#create as */*
  Parameters: {"user" => {"email" => "[FILTERED]", "password" => "[FILTERED]"}}
  [1m[36mUser Load (4.0ms)[0m  [1m[34mSELECT "users".* FROM "users" WHERE "users"."email" = 'test2@example.com' LIMIT 1 /*action='create',application='AiSsh',controller='sessions'*/[0m
  ↳ app/controllers/api/v1/users/sessions_controller.rb:10:in 'Api::V1::Users::SessionsController#create'
  [1m[36mSubscription Load (2.1ms)[0m  [1m[34mSELECT "subscriptions".* FROM "subscriptions" WHERE "subscriptions"."user_id" = 1 LIMIT 1 /*action='create',application='AiSsh',controller='sessions'*/[0m
  ↳ app/serializers/user_serializer.rb:7:in 'block in <class:UserSerializer>'
Completed 200 OK in 434ms (Views: 0.7ms | ActiveRecord: 43.9ms (2 queries, 0 cached) | GC: 8.2ms)


Started GET "/" for ::1 at 2026-01-08 23:45:06 +0300
  [1m[36mActiveRecord::SchemaMigration Load (2.6ms)[0m  [1m[34mSELECT "schema_migrations"."version" FROM "schema_migrations" ORDER BY "schema_migrations"."version" ASC /*application='AiSsh'*/[0m
Processing by HomeController#index as */*
  Rendering layout layouts/application.html.erb
  Rendering home/index.html.erb within layouts/application
  Rendered home/index.html.erb within layouts/application (Duration: 0.5ms | GC: 0.0ms)
  Rendered layout layouts/application.html.erb (Duration: 21.9ms | GC: 0.0ms)
Completed 200 OK in 551ms (Views: 28.9ms | ActiveRecord: 0.0ms (0 queries, 0 cached) | GC: 117.7ms)


Started GET "/" for ::1 at 2026-01-08 23:45:26 +0300
Processing by HomeController#index as HTML
  Rendering layout layouts/application.html.erb
  Rendering home/index.html.erb within layouts/application
  Rendered home/index.html.erb within layouts/application (Duration: 1.4ms | GC: 0.0ms)
  Rendered layout layouts/application.html.erb (Duration: 5.2ms | GC: 0.0ms)
Completed 200 OK in 275ms (Views: 7.0ms | ActiveRecord: 0.0ms (0 queries, 0 cached) | GC: 0.0ms)


Started GET "/" for ::1 at 2026-01-08 23:45:27 +0300
Processing by HomeController#index as HTML
  Rendering layout layouts/application.html.erb
  Rendering home/index.html.erb within layouts/application
  Rendered home/index.html.erb within layouts/application (Duration: 0.1ms | GC: 0.0ms)
  Rendered layout layouts/application.html.erb (Duration: 2.3ms | GC: 0.0ms)
Completed 200 OK in 100ms (Views: 2.9ms | ActiveRecord: 0.0ms (0 queries, 0 cached) | GC: 0.0ms)


Started POST "/api/v1/users/sign_in" for ::1 at 2026-01-08 23:45:44 +0300
Processing by Api::V1::Users::SessionsController#create as */*
  Parameters: {"user" => {"email" => "[FILTERED]", "password" => "[FILTERED]"}}
  [1m[36mUser Load (1.8ms)[0m  [1m[34mSELECT "users".* FROM "users" WHERE "users"."email" = 'test2@example.com' LIMIT 1 /*action='create',application='AiSsh',controller='sessions'*/[0m
  ↳ app/controllers/api/v1/users/sessions_controller.rb:10:in 'Api::V1::Users::SessionsController#create'
  [1m[36mSubscription Load (8.1ms)[0m  [1m[34mSELECT "subscriptions".* FROM "subscriptions" WHERE "subscriptions"."user_id" = 1 LIMIT 1 /*action='create',application='AiSsh',controller='sessions'*/[0m
  ↳ app/serializers/user_serializer.rb:7:in 'block in <class:UserSerializer>'
Completed 200 OK in 492ms (Views: 3.8ms | ActiveRecord: 36.8ms (2 queries, 0 cached) | GC: 0.0ms)


Started GET "/api/v1/projects?page=1" for ::1 at 2026-01-08 23:45:44 +0300
Processing by Api::V1::ProjectsController#index as */*
  Parameters: {"page" => "1", "project" => {}}
Completed 401 Unauthorized in 2ms (ActiveRecord: 1.1ms (0 queries, 0 cached) | GC: 0.0ms)


Started GET "/api/v1/users/sign_in" for ::1 at 2026-01-08 23:45:45 +0300
Processing by Api::V1::Users::SessionsController#new as */*
Completed 200 OK in 107ms (Views: 0.2ms | ActiveRecord: 0.0ms (0 queries, 0 cached) | GC: 0.0ms)


Started GET "/api/v1/projects?page=1" for ::1 at 2026-01-08 23:45:47 +0300
Processing by Api::V1::ProjectsController#index as */*
  Parameters: {"page" => "1", "project" => {}}
Completed 401 Unauthorized in 1ms (ActiveRecord: 0.0ms (0 queries, 0 cached) | GC: 0.0ms)


Started GET "/api/v1/users/sign_in" for ::1 at 2026-01-08 23:45:48 +0300
Processing by Api::V1::Users::SessionsController#new as */*
Completed 200 OK in 81ms (Views: 0.1ms | ActiveRecord: 0.0ms (0 queries, 0 cached) | GC: 0.0ms)


Started GET "/api/v1/subscriptions" for ::1 at 2026-01-08 23:45:48 +0300
Started GET "/api/v1/plans" for ::1 at 2026-01-08 23:45:48 +0300
Processing by Api::V1::SubscriptionsController#index as */*
  Parameters: {"subscription" => {}}
Completed 401 Unauthorized in 0ms (ActiveRecord: 0.0ms (0 queries, 0 cached) | GC: 0.0ms)


  
ArgumentError (Before process_action callback :authenticate_api_v1_user! has not been defined):
  
app/controllers/api/v1/plans_controller.rb:4:in '<class:PlansController>'
app/controllers/api/v1/plans_controller.rb:3:in '<module:V1>'
app/controllers/api/v1/plans_controller.rb:2:in '<module:Api>'
app/controllers/api/v1/plans_controller.rb:1:in '<main>'
Started GET "/api/v1/users/sign_in" for ::1 at 2026-01-08 23:45:49 +0300
Processing by Api::V1::Users::SessionsController#new as */*
Completed 200 OK in 308ms (Views: 0.1ms | ActiveRecord: 0.0ms (0 queries, 0 cached) | GC: 0.0ms)


Started GET "/api/v1/projects?page=1" for ::1 at 2026-01-08 23:45:50 +0300
Processing by Api::V1::ProjectsController#index as */*
  Parameters: {"page" => "1", "project" => {}}
Completed 401 Unauthorized in 0ms (ActiveRecord: 0.0ms (0 queries, 0 cached) | GC: 0.0ms)


Started GET "/api/v1/users/sign_in" for ::1 at 2026-01-08 23:45:50 +0300
Processing by Api::V1::Users::SessionsController#new as */*
Completed 200 OK in 93ms (Views: 0.4ms | ActiveRecord: 0.0ms (0 queries, 0 cached) | GC: 0.0ms)


Started GET "/api/v1/plans" for ::1 at 2026-01-08 23:45:51 +0300
Started GET "/api/v1/subscriptions" for ::1 at 2026-01-08 23:45:51 +0300
  
ArgumentError (Before process_action callback :authenticate_api_v1_user! has not been defined):
  
app/controllers/api/v1/plans_controller.rb:4:in '<class:PlansController>'
app/controllers/api/v1/plans_controller.rb:3:in '<module:V1>'
app/controllers/api/v1/plans_controller.rb:2:in '<module:Api>'
app/controllers/api/v1/plans_controller.rb:1:in '<main>'
Processing by Api::V1::SubscriptionsController#index as */*
  Parameters: {"subscription" => {}}
Completed 401 Unauthorized in 1ms (ActiveRecord: 0.0ms (0 queries, 0 cached) | GC: 0.0ms)


Started GET "/api/v1/users/sign_in" for ::1 at 2026-01-08 23:45:51 +0300
Processing by Api::V1::Users::SessionsController#new as */*
Completed 200 OK in 182ms (Views: 0.2ms | ActiveRecord: 0.0ms (0 queries, 0 cached) | GC: 1.1ms)


Started GET "/api/v1/projects?page=1" for ::1 at 2026-01-08 23:45:52 +0300
Processing by Api::V1::ProjectsController#index as */*
  Parameters: {"page" => "1", "project" => {}}
Completed 401 Unauthorized in 1ms (ActiveRecord: 0.0ms (0 queries, 0 cached) | GC: 0.0ms)


Started GET "/api/v1/users/sign_in" for ::1 at 2026-01-08 23:45:52 +0300
Processing by Api::V1::Users::SessionsController#new as */*
Completed 200 OK in 79ms (Views: 0.1ms | ActiveRecord: 0.0ms (0 queries, 0 cached) | GC: 0.0ms)


Started GET "/admin" for ::1 at 2026-01-08 23:47:50 +0300
Processing by Admin::DashboardController#index as HTML
Completed 401 Unauthorized in 101ms (ActiveRecord: 0.0ms (0 queries, 0 cached) | GC: 3.5ms)


Started GET "/api/v1/users/sign_in" for ::1 at 2026-01-08 23:47:50 +0300
Processing by Api::V1::Users::SessionsController#new as HTML
Completed 200 OK in 90ms (Views: 0.5ms | ActiveRecord: 0.0ms (0 queries, 0 cached) | GC: 0.0ms)


Started GET "/" for ::1 at 2026-01-08 23:55:32 +0300
Processing by HomeController#index as */*
  Rendering layout layouts/application.html.erb
  Rendering home/index.html.erb within layouts/application
  Rendered home/index.html.erb within layouts/application (Duration: 1.6ms | GC: 0.0ms)
  Rendered layout layouts/application.html.erb (Duration: 13.6ms | GC: 0.0ms)
Completed 200 OK in 119ms (Views: 19.8ms | ActiveRecord: 0.0ms (0 queries, 0 cached) | GC: 0.0ms)


Started GET "/up" for ::1 at 2026-01-09 00:13:05 +0300
Processing by Rails::HealthController#show as */*
  Rendering html template
  Rendered html template (Duration: 0.8ms | GC: 0.0ms)
Completed 200 OK in 139ms (Views: 39.2ms | ActiveRecord: 0.0ms (0 queries, 0 cached) | GC: 0.0ms)


Started GET "/up" for ::1 at 2026-01-09 17:41:47 +0300
Processing by Rails::HealthController#show as */*
  Rendering html template
  Rendered html template (Duration: 4.3ms | GC: 0.0ms)
Completed 200 OK in 90ms (Views: 14.0ms | ActiveRecord: 0.0ms (0 queries, 0 cached) | GC: 0.0ms)


